mode: set
github.com/niiniyare/erp/pkg/condition/builder.go:125.34,126.19 1 0
github.com/niiniyare/erp/pkg/condition/builder.go:126.19,128.3 1 0
github.com/niiniyare/erp/pkg/condition/builder.go:129.2,129.18 1 0
github.com/niiniyare/erp/pkg/condition/builder.go:129.18,131.3 1 0
github.com/niiniyare/erp/pkg/condition/builder.go:132.2,132.12 1 0
github.com/niiniyare/erp/pkg/condition/builder.go:188.39,189.18 1 1
github.com/niiniyare/erp/pkg/condition/builder.go:189.18,191.3 1 1
github.com/niiniyare/erp/pkg/condition/builder.go:193.2,193.16 1 1
github.com/niiniyare/erp/pkg/condition/builder.go:194.22,194.22 0 1
github.com/niiniyare/erp/pkg/condition/builder.go:196.22,197.20 1 1
github.com/niiniyare/erp/pkg/condition/builder.go:197.20,199.4 1 0
github.com/niiniyare/erp/pkg/condition/builder.go:200.21,201.20 1 1
github.com/niiniyare/erp/pkg/condition/builder.go:201.20,203.4 1 0
github.com/niiniyare/erp/pkg/condition/builder.go:204.3,204.24 1 1
github.com/niiniyare/erp/pkg/condition/builder.go:204.24,206.4 1 0
github.com/niiniyare/erp/pkg/condition/builder.go:207.10,208.77 1 0
github.com/niiniyare/erp/pkg/condition/builder.go:211.2,211.12 1 1
github.com/niiniyare/erp/pkg/condition/builder.go:230.42,231.16 1 1
github.com/niiniyare/erp/pkg/condition/builder.go:231.16,233.3 1 1
github.com/niiniyare/erp/pkg/condition/builder.go:236.2,236.16 1 1
github.com/niiniyare/erp/pkg/condition/builder.go:236.16,238.3 1 1
github.com/niiniyare/erp/pkg/condition/builder.go:240.2,240.42 1 1
github.com/niiniyare/erp/pkg/condition/builder.go:240.42,242.3 1 0
github.com/niiniyare/erp/pkg/condition/builder.go:244.2,244.16 1 1
github.com/niiniyare/erp/pkg/condition/builder.go:244.16,246.3 1 0
github.com/niiniyare/erp/pkg/condition/builder.go:249.2,249.28 1 1
github.com/niiniyare/erp/pkg/condition/builder.go:249.28,250.21 1 1
github.com/niiniyare/erp/pkg/condition/builder.go:250.21,252.4 1 0
github.com/niiniyare/erp/pkg/condition/builder.go:255.2,255.12 1 1
github.com/niiniyare/erp/pkg/condition/builder.go:259.44,261.2 1 1
github.com/niiniyare/erp/pkg/condition/builder.go:273.43,274.16 1 1
github.com/niiniyare/erp/pkg/condition/builder.go:274.16,276.3 1 0
github.com/niiniyare/erp/pkg/condition/builder.go:278.2,278.71 1 1
github.com/niiniyare/erp/pkg/condition/builder.go:278.71,280.3 1 0
github.com/niiniyare/erp/pkg/condition/builder.go:282.2,282.26 1 1
github.com/niiniyare/erp/pkg/condition/builder.go:282.26,284.3 1 1
github.com/niiniyare/erp/pkg/condition/builder.go:286.2,286.12 1 1
github.com/niiniyare/erp/pkg/condition/builder.go:316.56,325.2 1 1
github.com/niiniyare/erp/pkg/condition/builder.go:337.39,345.2 1 1
github.com/niiniyare/erp/pkg/condition/builder.go:348.73,349.17 1 1
github.com/niiniyare/erp/pkg/condition/builder.go:349.17,351.3 1 0
github.com/niiniyare/erp/pkg/condition/builder.go:353.2,359.3 1 1
github.com/niiniyare/erp/pkg/condition/builder.go:363.76,364.20 1 1
github.com/niiniyare/erp/pkg/condition/builder.go:364.20,366.3 1 0
github.com/niiniyare/erp/pkg/condition/builder.go:367.2,369.31 3 1
github.com/niiniyare/erp/pkg/condition/builder.go:373.58,374.41 1 0
github.com/niiniyare/erp/pkg/condition/builder.go:374.41,376.3 1 0
github.com/niiniyare/erp/pkg/condition/builder.go:377.2,377.22 1 0
github.com/niiniyare/erp/pkg/condition/builder.go:377.22,379.3 1 0
github.com/niiniyare/erp/pkg/condition/builder.go:381.2,384.12 4 0
github.com/niiniyare/erp/pkg/condition/builder.go:389.60,390.16 1 1
github.com/niiniyare/erp/pkg/condition/builder.go:390.16,392.3 1 0
github.com/niiniyare/erp/pkg/condition/builder.go:394.2,400.29 5 1
github.com/niiniyare/erp/pkg/condition/builder.go:400.29,401.21 1 1
github.com/niiniyare/erp/pkg/condition/builder.go:401.21,403.4 1 0
github.com/niiniyare/erp/pkg/condition/builder.go:405.3,405.30 1 1
github.com/niiniyare/erp/pkg/condition/builder.go:406.23,409.11 3 1
github.com/niiniyare/erp/pkg/condition/builder.go:409.11,411.5 1 1
github.com/niiniyare/erp/pkg/condition/builder.go:412.11,415.32 2 0
github.com/niiniyare/erp/pkg/condition/builder.go:415.32,417.5 1 0
github.com/niiniyare/erp/pkg/condition/builder.go:418.4,418.35 1 0
github.com/niiniyare/erp/pkg/condition/builder.go:418.35,420.25 2 0
github.com/niiniyare/erp/pkg/condition/builder.go:420.25,422.6 1 0
github.com/niiniyare/erp/pkg/condition/builder.go:423.5,423.32 1 0
github.com/niiniyare/erp/pkg/condition/builder.go:424.10,426.5 1 0
github.com/niiniyare/erp/pkg/condition/builder.go:430.2,430.21 1 1
github.com/niiniyare/erp/pkg/condition/builder.go:441.47,445.2 1 1
github.com/niiniyare/erp/pkg/condition/builder.go:448.67,449.43 1 1
github.com/niiniyare/erp/pkg/condition/builder.go:449.43,451.3 1 1
github.com/niiniyare/erp/pkg/condition/builder.go:452.2,452.19 1 1
github.com/niiniyare/erp/pkg/condition/builder.go:456.63,459.30 1 1
github.com/niiniyare/erp/pkg/condition/builder.go:459.30,461.3 1 0
github.com/niiniyare/erp/pkg/condition/builder.go:463.2,463.61 1 1
github.com/niiniyare/erp/pkg/condition/builder.go:463.61,465.3 1 1
github.com/niiniyare/erp/pkg/condition/builder.go:477.64,479.24 1 1
github.com/niiniyare/erp/pkg/condition/builder.go:479.24,481.3 1 0
github.com/niiniyare/erp/pkg/condition/builder.go:482.2,482.29 1 1
github.com/niiniyare/erp/pkg/condition/builder.go:482.29,484.3 1 0
github.com/niiniyare/erp/pkg/condition/builder.go:485.2,485.23 1 1
github.com/niiniyare/erp/pkg/condition/builder.go:485.23,487.3 1 0
github.com/niiniyare/erp/pkg/condition/builder.go:488.2,488.28 1 1
github.com/niiniyare/erp/pkg/condition/builder.go:488.28,490.3 1 0
github.com/niiniyare/erp/pkg/condition/builder.go:493.2,493.77 1 1
github.com/niiniyare/erp/pkg/condition/builder.go:493.77,495.3 1 0
github.com/niiniyare/erp/pkg/condition/builder.go:497.2,501.3 1 1
github.com/niiniyare/erp/pkg/condition/builder.go:505.97,506.17 1 1
github.com/niiniyare/erp/pkg/condition/builder.go:506.17,508.3 1 0
github.com/niiniyare/erp/pkg/condition/builder.go:509.2,509.20 1 1
github.com/niiniyare/erp/pkg/condition/builder.go:509.20,511.3 1 0
github.com/niiniyare/erp/pkg/condition/builder.go:513.2,514.15 2 1
github.com/niiniyare/erp/pkg/condition/builder.go:514.15,516.3 1 1
github.com/niiniyare/erp/pkg/condition/builder.go:519.2,519.24 1 1
github.com/niiniyare/erp/pkg/condition/builder.go:519.24,523.3 3 1
github.com/niiniyare/erp/pkg/condition/builder.go:525.2,526.16 2 1
github.com/niiniyare/erp/pkg/condition/builder.go:526.16,528.3 1 1
github.com/niiniyare/erp/pkg/condition/builder.go:529.2,529.20 1 1
github.com/niiniyare/erp/pkg/condition/builder.go:533.117,535.9 1 1
github.com/niiniyare/erp/pkg/condition/builder.go:536.20,537.26 1 1
github.com/niiniyare/erp/pkg/condition/builder.go:538.10,538.10 0 1
github.com/niiniyare/erp/pkg/condition/builder.go:542.2,542.29 1 1
github.com/niiniyare/erp/pkg/condition/builder.go:542.29,544.3 1 1
github.com/niiniyare/erp/pkg/condition/builder.go:547.2,548.40 2 1
github.com/niiniyare/erp/pkg/condition/builder.go:548.40,550.3 1 1
github.com/niiniyare/erp/pkg/condition/builder.go:553.2,553.26 1 1
github.com/niiniyare/erp/pkg/condition/builder.go:554.23,555.38 1 1
github.com/niiniyare/erp/pkg/condition/builder.go:555.38,557.4 1 0
github.com/niiniyare/erp/pkg/condition/builder.go:558.3,558.49 1 1
github.com/niiniyare/erp/pkg/condition/builder.go:560.22,561.38 1 0
github.com/niiniyare/erp/pkg/condition/builder.go:561.38,563.4 1 0
github.com/niiniyare/erp/pkg/condition/builder.go:564.3,564.50 1 0
github.com/niiniyare/erp/pkg/condition/builder.go:566.22,567.38 1 1
github.com/niiniyare/erp/pkg/condition/builder.go:567.38,569.4 1 0
github.com/niiniyare/erp/pkg/condition/builder.go:570.3,570.41 1 1
github.com/niiniyare/erp/pkg/condition/builder.go:572.21,573.38 1 1
github.com/niiniyare/erp/pkg/condition/builder.go:573.38,575.4 1 0
github.com/niiniyare/erp/pkg/condition/builder.go:576.3,576.42 1 1
github.com/niiniyare/erp/pkg/condition/builder.go:578.22,580.51 1 0
github.com/niiniyare/erp/pkg/condition/builder.go:582.10,583.83 1 0
github.com/niiniyare/erp/pkg/condition/builder.go:588.123,589.59 1 0
github.com/niiniyare/erp/pkg/condition/builder.go:589.59,591.48 2 0
github.com/niiniyare/erp/pkg/condition/builder.go:591.48,593.4 1 0
github.com/niiniyare/erp/pkg/condition/builder.go:594.3,594.42 1 0
github.com/niiniyare/erp/pkg/condition/builder.go:594.42,596.4 1 0
github.com/niiniyare/erp/pkg/condition/builder.go:597.3,597.54 1 0
github.com/niiniyare/erp/pkg/condition/builder.go:600.2,601.46 2 0
github.com/niiniyare/erp/pkg/condition/builder.go:601.46,603.3 1 0
github.com/niiniyare/erp/pkg/condition/builder.go:604.2,604.40 1 0
github.com/niiniyare/erp/pkg/condition/builder.go:604.40,606.3 1 0
github.com/niiniyare/erp/pkg/condition/builder.go:607.2,607.44 1 0
github.com/niiniyare/erp/pkg/condition/builder.go:612.54,614.16 2 0
github.com/niiniyare/erp/pkg/condition/builder.go:614.16,616.3 1 0
github.com/niiniyare/erp/pkg/condition/builder.go:617.2,617.53 1 0
github.com/niiniyare/erp/pkg/condition/builder.go:617.53,619.3 1 0
github.com/niiniyare/erp/pkg/condition/builder.go:620.2,620.12 1 0
github.com/niiniyare/erp/pkg/condition/builder.go:624.126,628.20 2 1
github.com/niiniyare/erp/pkg/condition/builder.go:628.20,630.17 2 1
github.com/niiniyare/erp/pkg/condition/builder.go:630.17,632.4 1 0
github.com/niiniyare/erp/pkg/condition/builder.go:634.3,635.10 2 1
github.com/niiniyare/erp/pkg/condition/builder.go:635.10,637.4 1 0
github.com/niiniyare/erp/pkg/condition/builder.go:638.3,638.25 1 1
github.com/niiniyare/erp/pkg/condition/builder.go:642.2,643.39 2 1
github.com/niiniyare/erp/pkg/condition/builder.go:643.39,645.17 2 1
github.com/niiniyare/erp/pkg/condition/builder.go:645.17,647.4 1 1
github.com/niiniyare/erp/pkg/condition/builder.go:648.3,648.22 1 1
github.com/niiniyare/erp/pkg/condition/builder.go:652.2,653.41 2 1
github.com/niiniyare/erp/pkg/condition/builder.go:653.41,655.29 2 1
github.com/niiniyare/erp/pkg/condition/builder.go:655.29,658.20 2 1
github.com/niiniyare/erp/pkg/condition/builder.go:658.20,659.10 1 1
github.com/niiniyare/erp/pkg/condition/builder.go:662.8,664.29 2 1
github.com/niiniyare/erp/pkg/condition/builder.go:664.29,667.19 2 1
github.com/niiniyare/erp/pkg/condition/builder.go:667.19,668.10 1 1
github.com/niiniyare/erp/pkg/condition/builder.go:674.2,674.15 1 1
github.com/niiniyare/erp/pkg/condition/builder.go:674.15,676.3 1 1
github.com/niiniyare/erp/pkg/condition/builder.go:678.2,678.25 1 1
github.com/niiniyare/erp/pkg/condition/builder.go:682.109,683.19 1 1
github.com/niiniyare/erp/pkg/condition/builder.go:683.19,685.3 1 0
github.com/niiniyare/erp/pkg/condition/builder.go:688.2,689.52 2 1
github.com/niiniyare/erp/pkg/condition/builder.go:689.52,692.3 2 0
github.com/niiniyare/erp/pkg/condition/builder.go:692.8,701.34 4 1
github.com/niiniyare/erp/pkg/condition/builder.go:701.34,703.4 1 1
github.com/niiniyare/erp/pkg/condition/builder.go:704.3,708.17 3 1
github.com/niiniyare/erp/pkg/condition/builder.go:708.17,710.4 1 1
github.com/niiniyare/erp/pkg/condition/builder.go:712.3,713.41 2 1
github.com/niiniyare/erp/pkg/condition/builder.go:717.2,719.33 3 1
github.com/niiniyare/erp/pkg/condition/builder.go:719.33,721.3 1 1
github.com/niiniyare/erp/pkg/condition/builder.go:722.2,729.16 4 1
github.com/niiniyare/erp/pkg/condition/builder.go:729.16,731.3 1 0
github.com/niiniyare/erp/pkg/condition/builder.go:733.2,733.20 1 1
github.com/niiniyare/erp/pkg/condition/builder.go:737.112,741.19 2 1
github.com/niiniyare/erp/pkg/condition/builder.go:741.19,743.17 2 1
github.com/niiniyare/erp/pkg/condition/builder.go:743.17,745.4 1 1
github.com/niiniyare/erp/pkg/condition/builder.go:746.3,747.10 2 1
github.com/niiniyare/erp/pkg/condition/builder.go:747.10,749.4 1 0
github.com/niiniyare/erp/pkg/condition/builder.go:750.3,750.25 1 1
github.com/niiniyare/erp/pkg/condition/builder.go:754.2,755.16 2 1
github.com/niiniyare/erp/pkg/condition/builder.go:755.16,757.3 1 1
github.com/niiniyare/erp/pkg/condition/builder.go:760.2,760.30 1 1
github.com/niiniyare/erp/pkg/condition/builder.go:760.30,762.3 1 1
github.com/niiniyare/erp/pkg/condition/builder.go:765.2,766.16 2 1
github.com/niiniyare/erp/pkg/condition/builder.go:766.16,768.3 1 0
github.com/niiniyare/erp/pkg/condition/builder.go:770.2,770.53 1 1
github.com/niiniyare/erp/pkg/condition/builder.go:774.114,775.18 1 1
github.com/niiniyare/erp/pkg/condition/builder.go:775.18,777.3 1 0
github.com/niiniyare/erp/pkg/condition/builder.go:779.2,781.27 2 1
github.com/niiniyare/erp/pkg/condition/builder.go:782.13,784.26 1 1
github.com/niiniyare/erp/pkg/condition/builder.go:784.26,786.18 2 1
github.com/niiniyare/erp/pkg/condition/builder.go:786.18,788.5 1 0
github.com/niiniyare/erp/pkg/condition/builder.go:789.4,790.18 2 1
github.com/niiniyare/erp/pkg/condition/builder.go:790.18,792.5 1 0
github.com/niiniyare/erp/pkg/condition/builder.go:793.4,793.38 1 1
github.com/niiniyare/erp/pkg/condition/builder.go:796.18,798.17 2 1
github.com/niiniyare/erp/pkg/condition/builder.go:798.17,800.4 1 0
github.com/niiniyare/erp/pkg/condition/builder.go:801.3,801.25 1 1
github.com/niiniyare/erp/pkg/condition/builder.go:803.22,806.17 2 0
github.com/niiniyare/erp/pkg/condition/builder.go:806.17,808.4 1 0
github.com/niiniyare/erp/pkg/condition/builder.go:809.3,810.17 2 0
github.com/niiniyare/erp/pkg/condition/builder.go:810.17,812.4 1 0
github.com/niiniyare/erp/pkg/condition/builder.go:813.3,813.25 1 0
github.com/niiniyare/erp/pkg/condition/builder.go:815.10,817.23 1 0
github.com/niiniyare/erp/pkg/condition/builder.go:820.2,820.23 1 1
github.com/niiniyare/erp/pkg/condition/builder.go:824.61,825.14 1 1
github.com/niiniyare/erp/pkg/condition/builder.go:825.14,827.3 1 0
github.com/niiniyare/erp/pkg/condition/builder.go:829.2,829.36 1 1
github.com/niiniyare/erp/pkg/condition/builder.go:829.36,831.3 1 1
github.com/niiniyare/erp/pkg/condition/builder.go:834.2,834.37 1 0
github.com/niiniyare/erp/pkg/condition/builder.go:834.37,836.47 2 0
github.com/niiniyare/erp/pkg/condition/builder.go:836.47,838.4 1 0
github.com/niiniyare/erp/pkg/condition/builder.go:839.3,839.19 1 0
github.com/niiniyare/erp/pkg/condition/builder.go:843.2,843.56 1 0
github.com/niiniyare/erp/pkg/condition/builder.go:847.113,848.40 1 1
github.com/niiniyare/erp/pkg/condition/builder.go:848.40,850.3 1 0
github.com/niiniyare/erp/pkg/condition/builder.go:852.2,852.19 1 1
github.com/niiniyare/erp/pkg/condition/builder.go:853.22,854.25 1 1
github.com/niiniyare/erp/pkg/condition/builder.go:856.22,857.38 1 1
github.com/niiniyare/erp/pkg/condition/builder.go:859.21,860.23 1 1
github.com/niiniyare/erp/pkg/condition/builder.go:860.23,862.4 1 0
github.com/niiniyare/erp/pkg/condition/builder.go:864.3,868.10 4 1
github.com/niiniyare/erp/pkg/condition/builder.go:868.10,870.4 1 0
github.com/niiniyare/erp/pkg/condition/builder.go:872.3,872.47 1 1
github.com/niiniyare/erp/pkg/condition/builder.go:874.10,875.81 1 0
github.com/niiniyare/erp/pkg/condition/builder.go:880.81,881.12 1 1
github.com/niiniyare/erp/pkg/condition/builder.go:882.17,883.30 1 1
github.com/niiniyare/erp/pkg/condition/builder.go:884.20,885.31 1 1
github.com/niiniyare/erp/pkg/condition/builder.go:886.10,887.85 1 0
github.com/niiniyare/erp/pkg/condition/builder.go:892.89,894.12 1 1
github.com/niiniyare/erp/pkg/condition/builder.go:895.31,896.21 1 1
github.com/niiniyare/erp/pkg/condition/builder.go:896.21,898.4 1 0
github.com/niiniyare/erp/pkg/condition/builder.go:899.21,899.21 0 1
github.com/niiniyare/erp/pkg/condition/builder.go:901.10,903.22 1 1
github.com/niiniyare/erp/pkg/condition/builder.go:903.22,905.4 1 0
github.com/niiniyare/erp/pkg/condition/builder.go:908.2,908.12 1 1
github.com/niiniyare/erp/pkg/condition/builder.go:909.15,910.45 1 1
github.com/niiniyare/erp/pkg/condition/builder.go:912.18,913.45 1 0
github.com/niiniyare/erp/pkg/condition/builder.go:915.14,916.44 1 0
github.com/niiniyare/erp/pkg/condition/builder.go:918.21,919.45 1 0
github.com/niiniyare/erp/pkg/condition/builder.go:921.17,922.44 1 1
github.com/niiniyare/erp/pkg/condition/builder.go:924.24,925.45 1 0
github.com/niiniyare/erp/pkg/condition/builder.go:927.17,929.79 1 1
github.com/niiniyare/erp/pkg/condition/builder.go:931.20,933.77 1 1
github.com/niiniyare/erp/pkg/condition/builder.go:935.18,936.41 1 1
github.com/niiniyare/erp/pkg/condition/builder.go:938.21,939.42 1 0
github.com/niiniyare/erp/pkg/condition/builder.go:941.20,942.43 1 1
github.com/niiniyare/erp/pkg/condition/builder.go:944.18,945.41 1 1
github.com/niiniyare/erp/pkg/condition/builder.go:947.12,948.32 1 1
github.com/niiniyare/erp/pkg/condition/builder.go:950.15,951.33 1 1
github.com/niiniyare/erp/pkg/condition/builder.go:953.21,954.39 1 1
github.com/niiniyare/erp/pkg/condition/builder.go:956.10,957.61 1 0
github.com/niiniyare/erp/pkg/condition/builder.go:965.43,966.16 1 1
github.com/niiniyare/erp/pkg/condition/builder.go:966.16,968.3 1 1
github.com/niiniyare/erp/pkg/condition/builder.go:970.2,971.18 2 1
github.com/niiniyare/erp/pkg/condition/builder.go:972.65,973.22 1 1
github.com/niiniyare/erp/pkg/condition/builder.go:974.38,975.19 1 0
github.com/niiniyare/erp/pkg/condition/builder.go:976.23,977.14 1 0
github.com/niiniyare/erp/pkg/condition/builder.go:978.10,979.15 1 0
github.com/niiniyare/erp/pkg/condition/builder.go:985.50,987.33 1 1
github.com/niiniyare/erp/pkg/condition/builder.go:987.33,989.3 1 0
github.com/niiniyare/erp/pkg/condition/builder.go:990.2,990.17 1 1
github.com/niiniyare/erp/pkg/condition/builder.go:990.17,992.3 1 0
github.com/niiniyare/erp/pkg/condition/builder.go:993.2,993.18 1 1
github.com/niiniyare/erp/pkg/condition/builder.go:993.18,995.3 1 0
github.com/niiniyare/erp/pkg/condition/builder.go:998.2,1001.23 3 1
github.com/niiniyare/erp/pkg/condition/builder.go:1001.23,1002.25 1 1
github.com/niiniyare/erp/pkg/condition/builder.go:1002.25,1004.4 1 1
github.com/niiniyare/erp/pkg/condition/builder.go:1004.9,1004.32 1 1
github.com/niiniyare/erp/pkg/condition/builder.go:1004.32,1006.4 1 1
github.com/niiniyare/erp/pkg/condition/builder.go:1007.3,1007.11 1 1
github.com/niiniyare/erp/pkg/condition/builder.go:1011.2,1014.23 3 1
github.com/niiniyare/erp/pkg/condition/builder.go:1014.23,1015.33 1 1
github.com/niiniyare/erp/pkg/condition/builder.go:1015.33,1017.4 1 1
github.com/niiniyare/erp/pkg/condition/builder.go:1017.9,1017.39 1 1
github.com/niiniyare/erp/pkg/condition/builder.go:1017.39,1019.4 1 1
github.com/niiniyare/erp/pkg/condition/builder.go:1020.3,1020.11 1 0
github.com/niiniyare/erp/pkg/condition/builder.go:1024.2,1026.23 3 1
github.com/niiniyare/erp/pkg/condition/builder.go:1026.23,1027.28 1 1
github.com/niiniyare/erp/pkg/condition/builder.go:1027.28,1029.4 1 1
github.com/niiniyare/erp/pkg/condition/builder.go:1030.3,1030.29 1 1
github.com/niiniyare/erp/pkg/condition/builder.go:1030.29,1032.4 1 1
github.com/niiniyare/erp/pkg/condition/builder.go:1033.3,1033.11 1 0
github.com/niiniyare/erp/pkg/condition/builder.go:1039.2,1041.43 3 1
github.com/niiniyare/erp/pkg/condition/builder.go:1046.56,1047.16 1 1
github.com/niiniyare/erp/pkg/condition/builder.go:1047.16,1049.3 1 0
github.com/niiniyare/erp/pkg/condition/builder.go:1051.2,1051.25 1 1
github.com/niiniyare/erp/pkg/condition/builder.go:1052.15,1053.17 1 1
github.com/niiniyare/erp/pkg/condition/builder.go:1054.15,1055.26 1 0
github.com/niiniyare/erp/pkg/condition/builder.go:1056.11,1057.26 1 1
github.com/niiniyare/erp/pkg/condition/builder.go:1058.13,1059.26 1 0
github.com/niiniyare/erp/pkg/condition/builder.go:1060.13,1061.26 1 0
github.com/niiniyare/erp/pkg/condition/builder.go:1062.13,1063.26 1 0
github.com/niiniyare/erp/pkg/condition/builder.go:1064.12,1065.26 1 0
github.com/niiniyare/erp/pkg/condition/builder.go:1066.12,1067.26 1 0
github.com/niiniyare/erp/pkg/condition/builder.go:1068.14,1069.26 1 0
github.com/niiniyare/erp/pkg/condition/builder.go:1070.14,1071.26 1 0
github.com/niiniyare/erp/pkg/condition/builder.go:1072.14,1073.26 1 0
github.com/niiniyare/erp/pkg/condition/builder.go:1074.13,1075.26 1 0
github.com/niiniyare/erp/pkg/condition/builder.go:1076.10,1077.18 1 1
github.com/niiniyare/erp/pkg/condition/builder.go:1083.55,1084.16 1 1
github.com/niiniyare/erp/pkg/condition/builder.go:1084.16,1086.3 1 0
github.com/niiniyare/erp/pkg/condition/builder.go:1088.2,1088.25 1 1
github.com/niiniyare/erp/pkg/condition/builder.go:1089.17,1090.17 1 1
github.com/niiniyare/erp/pkg/condition/builder.go:1091.14,1101.34 2 1
github.com/niiniyare/erp/pkg/condition/builder.go:1101.34,1102.51 1 1
github.com/niiniyare/erp/pkg/condition/builder.go:1102.51,1104.5 1 0
github.com/niiniyare/erp/pkg/condition/builder.go:1107.2,1107.27 1 1
github.com/niiniyare/erp/pkg/condition/builder.go:1111.57,1112.38 1 1
github.com/niiniyare/erp/pkg/condition/builder.go:1112.38,1114.3 1 1
github.com/niiniyare/erp/pkg/condition/builder.go:1117.2,1118.80 2 1
github.com/niiniyare/erp/pkg/condition/builder.go:1118.80,1120.42 2 0
github.com/niiniyare/erp/pkg/condition/builder.go:1120.42,1122.44 2 0
github.com/niiniyare/erp/pkg/condition/builder.go:1122.44,1124.5 1 0
github.com/niiniyare/erp/pkg/condition/builder.go:1126.3,1126.15 1 0
github.com/niiniyare/erp/pkg/condition/builder.go:1129.2,1131.49 3 1
github.com/niiniyare/erp/pkg/condition/builder.go:1135.54,1136.33 1 1
github.com/niiniyare/erp/pkg/condition/builder.go:1136.33,1138.3 1 0
github.com/niiniyare/erp/pkg/condition/builder.go:1139.2,1141.45 3 1
github.com/niiniyare/erp/pkg/condition/builder.go:1145.52,1146.33 1 1
github.com/niiniyare/erp/pkg/condition/builder.go:1146.33,1148.3 1 0
github.com/niiniyare/erp/pkg/condition/builder.go:1149.2,1151.45 3 1
github.com/niiniyare/erp/pkg/condition/builder.go:1155.57,1156.32 1 1
github.com/niiniyare/erp/pkg/condition/builder.go:1156.32,1157.35 1 1
github.com/niiniyare/erp/pkg/condition/builder.go:1157.35,1159.4 1 1
github.com/niiniyare/erp/pkg/condition/builder.go:1161.2,1161.14 1 1
github.com/niiniyare/erp/pkg/condition/builder.go:1166.65,1167.34 1 1
github.com/niiniyare/erp/pkg/condition/builder.go:1167.34,1169.3 1 0
github.com/niiniyare/erp/pkg/condition/builder.go:1171.2,1175.45 3 1
github.com/niiniyare/erp/pkg/condition/builder.go:1175.45,1178.3 1 0
github.com/niiniyare/erp/pkg/condition/builder.go:1181.2,1182.52 2 1
github.com/niiniyare/erp/pkg/condition/builder.go:1182.52,1184.3 1 1
github.com/niiniyare/erp/pkg/condition/builder.go:1184.8,1188.17 3 1
github.com/niiniyare/erp/pkg/condition/builder.go:1188.17,1190.4 1 1
github.com/niiniyare/erp/pkg/condition/builder.go:1191.3,1191.35 1 1
github.com/niiniyare/erp/pkg/condition/builder.go:1195.2,1199.16 3 1
github.com/niiniyare/erp/pkg/condition/builder.go:1199.16,1200.47 1 0
github.com/niiniyare/erp/pkg/condition/builder.go:1200.47,1202.4 1 0
github.com/niiniyare/erp/pkg/condition/builder.go:1203.3,1203.58 1 0
github.com/niiniyare/erp/pkg/condition/builder.go:1206.2,1206.21 1 1
github.com/niiniyare/erp/pkg/condition/builder.go:1215.51,1223.2 1 1
github.com/niiniyare/erp/pkg/condition/builder.go:1226.82,1241.2 3 1
github.com/niiniyare/erp/pkg/condition/builder.go:1244.94,1259.2 3 0
github.com/niiniyare/erp/pkg/condition/builder.go:1262.75,1277.2 3 1
github.com/niiniyare/erp/pkg/condition/builder.go:1280.71,1282.27 2 1
github.com/niiniyare/erp/pkg/condition/builder.go:1282.27,1284.3 1 1
github.com/niiniyare/erp/pkg/condition/builder.go:1286.2,1296.10 3 1
github.com/niiniyare/erp/pkg/condition/builder.go:1300.55,1307.2 3 1
github.com/niiniyare/erp/pkg/condition/builder.go:1310.60,1311.18 1 1
github.com/niiniyare/erp/pkg/condition/builder.go:1311.18,1313.3 1 1
github.com/niiniyare/erp/pkg/condition/builder.go:1314.2,1314.10 1 1
github.com/niiniyare/erp/pkg/condition/builder.go:1318.34,1321.2 2 0
github.com/niiniyare/erp/pkg/condition/builder.go:1325.55,1328.2 2 0
github.com/niiniyare/erp/pkg/condition/builder.go:1331.43,1333.2 1 1
github.com/niiniyare/erp/pkg/condition/builder.go:1336.36,1337.20 1 0
github.com/niiniyare/erp/pkg/condition/builder.go:1337.20,1339.3 1 0
github.com/niiniyare/erp/pkg/condition/builder.go:1340.2,1340.27 1 0
