Database setup started at Wed Jul 16 02:33:29 EAT 2025
[2025-07-16 02:33:29] Database connection test passed
[2025-07-16 02:33:29] Created directories: /data/data/com.termux/files/home/project/erp/db/seed, /data/data/com.termux/files/home/project/erp/db/test
[2025-07-16 02:33:29] Executing SQL file: /data/data/com.termux/files/home/project/erp/db/seed/01_extensions.sql
psql:/data/data/com.termux/files/home/project/erp/db/seed/01_extensions.sql:2: NOTICE:  extension "pgcrypto" already exists, skipping
CREATE EXTENSION
psql:/data/data/com.termux/files/home/project/erp/db/seed/01_extensions.sql:3: NOTICE:  extension "uuid-ossp" already exists, skipping
CREATE EXTENSION
[2025-07-16 02:33:29] Successfully executed: /data/data/com.termux/files/home/project/erp/db/seed/01_extensions.sql
[2025-07-16 02:33:29] Executing SQL file: /data/data/com.termux/files/home/project/erp/db/seed/02_tenants.sql
INSERT 0 0
[2025-07-16 02:33:29] Successfully executed: /data/data/com.termux/files/home/project/erp/db/seed/02_tenants.sql
[2025-07-16 02:33:29] Executing SQL file: /data/data/com.termux/files/home/project/erp/db/seed/03_entities.sql
DO
[2025-07-16 02:33:29] Successfully executed: /data/data/com.termux/files/home/project/erp/db/seed/03_entities.sql
[2025-07-16 02:33:29] Executing SQL file: /data/data/com.termux/files/home/project/erp/db/seed/04_persons.sql
psql:/data/data/com.termux/files/home/project/erp/db/seed/04_persons.sql:47: ERROR:  loop variable of loop over rows must be a record variable or list of scalar variables
LINE 14:     FOR person_data IN 
                 ^
[2025-07-16 02:33:29] Successfully executed: /data/data/com.termux/files/home/project/erp/db/seed/04_persons.sql
[2025-07-16 02:33:29] Executing SQL file: /data/data/com.termux/files/home/project/erp/db/seed/05_security.sql
CREATE FUNCTION
CREATE FUNCTION
ALTER TABLE
DROP POLICY
CREATE POLICY
ALTER TABLE
DROP POLICY
CREATE POLICY
ALTER TABLE
DROP POLICY
CREATE POLICY
ALTER TABLE
DROP POLICY
CREATE POLICY
ALTER TABLE
DROP POLICY
CREATE POLICY
ALTER TABLE
DROP POLICY
CREATE POLICY
[2025-07-16 02:33:29] Successfully executed: /data/data/com.termux/files/home/project/erp/db/seed/05_security.sql
[2025-07-16 02:33:29] Executing SQL file: /data/data/com.termux/files/home/project/erp/db/seed/seed.sql
SET
psql:/data/data/com.termux/files/home/project/erp/db/seed/seed.sql:14: ERROR:  column "industry" of relation "tenants" does not exist
LINE 1: ...NSERT INTO tenants (slug, name, email, subdomain, industry, ...
                                                             ^
psql:/data/data/com.termux/files/home/project/erp/db/seed/seed.sql:26: ERROR:  column "accrual_method" of relation "entities" does not exist
LINE 2: ...entities (tenant_id, name, code, type, parent_id, accrual_me...
                                                             ^
psql:/data/data/com.termux/files/home/project/erp/db/seed/seed.sql:33: ERROR:  column "accrual_method" of relation "entities" does not exist
LINE 2: ...entities (tenant_id, name, code, type, parent_id, accrual_me...
                                                             ^
psql:/data/data/com.termux/files/home/project/erp/db/seed/seed.sql:40: ERROR:  column "accrual_method" of relation "entities" does not exist
LINE 2: ...entities (tenant_id, name, code, type, parent_id, accrual_me...
                                                             ^
psql:/data/data/com.termux/files/home/project/erp/db/seed/seed.sql:56: ERROR:  column "phone" of relation "persons" does not exist
LINE 6: ...ty_id, person_type, first_name, last_name, email, phone, sec...
                                                             ^
psql:/data/data/com.termux/files/home/project/erp/db/seed/seed.sql:64: ERROR:  column "phone" of relation "persons" does not exist
LINE 4: ...ty_id, person_type, first_name, last_name, email, phone, sec...
                                                             ^
psql:/data/data/com.termux/files/home/project/erp/db/seed/seed.sql:72: ERROR:  column "phone" of relation "persons" does not exist
LINE 4: ...ty_id, person_type, first_name, last_name, email, phone, sec...
                                                             ^
psql:/data/data/com.termux/files/home/project/erp/db/seed/seed.sql:96: ERROR:  column "entity_id" of relation "employees" does not exist
LINE 1: ...employees (tenant_id, person_id, employee_number, entity_id,...
                                                             ^
psql:/data/data/com.termux/files/home/project/erp/db/seed/seed.sql:118: ERROR:  column "entity_id" of relation "users" does not exist
LINE 1: INSERT INTO users (tenant_id, entity_id, person_id, employee...
                                      ^
psql:/data/data/com.termux/files/home/project/erp/db/seed/seed.sql:131: ERROR:  column "entity_id" of relation "users" does not exist
LINE 2: INSERT INTO users (tenant_id, entity_id, username, email, pa...
                                      ^
psql:/data/data/com.termux/files/home/project/erp/db/seed/seed.sql:151: ERROR:  relation "modules" does not exist
LINE 1: INSERT INTO modules (tenant_id, name, display_name, category...
                    ^
psql:/data/data/com.termux/files/home/project/erp/db/seed/seed.sql:173: ERROR:  relation "resources" does not exist
LINE 1: INSERT INTO resources (tenant_id, module_id, entity_id, name...
                    ^
psql:/data/data/com.termux/files/home/project/erp/db/seed/seed.sql:195: ERROR:  relation "actions" does not exist
LINE 1: INSERT INTO actions (tenant_id, name, display_name, action_t...
                    ^
psql:/data/data/com.termux/files/home/project/erp/db/seed/seed.sql:214: ERROR:  relation "permissions" does not exist
LINE 1: INSERT INTO permissions (tenant_id, resource_id, action_id, ...
                    ^
psql:/data/data/com.termux/files/home/project/erp/db/seed/seed.sql:235: ERROR:  relation "roles" does not exist
LINE 1: INSERT INTO roles (tenant_id, entity_id, name, display_name,...
                    ^
psql:/data/data/com.termux/files/home/project/erp/db/seed/seed.sql:248: ERROR:  relation "role_permissions" does not exist
LINE 1: INSERT INTO role_permissions (tenant_id, role_id, permission...
                    ^
psql:/data/data/com.termux/files/home/project/erp/db/seed/seed.sql:262: ERROR:  relation "user_roles" does not exist
LINE 1: INSERT INTO user_roles (user_id, role_id, entity_id, assignm...
                    ^
psql:/data/data/com.termux/files/home/project/erp/db/seed/seed.sql:274: ERROR:  relation "user_permissions" does not exist
LINE 1: INSERT INTO user_permissions (tenant_id, user_id, permission...
                    ^
psql:/data/data/com.termux/files/home/project/erp/db/seed/seed.sql:295: ERROR:  relation "attribute_definitions" does not exist
LINE 1: INSERT INTO attribute_definitions (tenant_id, name, display_...
                    ^
psql:/data/data/com.termux/files/home/project/erp/db/seed/seed.sql:307: ERROR:  relation "policies" does not exist
LINE 1: INSERT INTO policies (tenant_id, name, policy_type, effect, ...
                    ^
psql:/data/data/com.termux/files/home/project/erp/db/seed/seed.sql:325: ERROR:  relation "user_sessions" does not exist
LINE 1: INSERT INTO user_sessions (tenant_id, user_id, session_token...
                    ^
psql:/data/data/com.termux/files/home/project/erp/db/seed/seed.sql:355: ERROR:  relation "audit_log" does not exist
LINE 1: INSERT INTO audit_log (tenant_id, event_type, event_category...
                    ^
psql:/data/data/com.termux/files/home/project/erp/db/seed/seed.sql:372: ERROR:  relation "access_requests" does not exist
LINE 1: INSERT INTO access_requests (tenant_id, requester_id, target...
                    ^
psql:/data/data/com.termux/files/home/project/erp/db/seed/seed.sql:380: ERROR:  relation "access_requests" does not exist
LINE 1: UPDATE access_requests 
               ^
psql:/data/data/com.termux/files/home/project/erp/db/seed/seed.sql:394: ERROR:  relation "entitystate" does not exist
LINE 1: INSERT INTO entitystate (uuid, fiscal_year, key, sequence, e...
                    ^
psql:/data/data/com.termux/files/home/project/erp/db/seed/seed.sql:409: ERROR:  syntax error at or near "desc"
LINE 5:     desc.uuid,
            ^
SET
psql:/data/data/com.termux/files/home/project/erp/db/seed/seed.sql:427: ERROR:  relation "modules" does not exist
LINE 6: UNION ALL SELECT 'Modules', COUNT(*) FROM modules
                                                  ^
psql:/data/data/com.termux/files/home/project/erp/db/seed/seed.sql:437: ERROR:  relation "user_roles" does not exist
LINE 3: JOIN user_roles ur ON u.id = ur.user_id
             ^
[2025-07-16 02:33:30] Successfully executed: /data/data/com.termux/files/home/project/erp/db/seed/seed.sql
[2025-07-16 02:33:30] Seed process completed successfully
