
FILE: docs/getting-started/01-developer-quick-start.md
(node:4566) [DEP0176] DeprecationWarning: fs.R_OK is deprecated, use fs.constants.R_OK instead
(Use `node --trace-deprecation ...` to show where the warning was created)
  [✓] ../reference/api-source/core-apis/auth/README.md
  [✓] ../reference/api-source/core-apis/tenants/README.md
  [✓] ../reference/api-source/core-apis/organizations/README.md
  [✓] ../reference/api-source/core-apis/users/README.md
  [✓] ../reference/api-source/workflows/access-requests/README.md
  [✓] ../reference/api-source/workflows/conditional-access/README.md
  [✓] ../reference/api-source/workflows/user-analytics/README.md
  [✓] ../reference/api-source/testing/manual/getting-started.md
  [✓] ../reference/api-source/README.md

  9 links checked.

FILE: docs/reference/modules/Architecture.md
  No hyperlinks found!

  0 links checked.

FILE: docs/reference/modules/airline-module.md
  No hyperlinks found!

  0 links checked.

FILE: docs/reference/modules/asset-management.md
  No hyperlinks found!

  0 links checked.

FILE: docs/reference/modules/audit/audit.md
  [✓] #architecture
  [✓] #core-concepts
  [✓] #data-model
  [✓] #event-types-and-categories
  [✓] #risk-scoring-system
  [✓] #query-operations
  [✓] #analytics-and-reporting
  [✓] #security-features
  [✓] #compliance-and-governance
  [✓] #performance-considerations
  [✓] #best-practices
  [✓] #api-reference

  12 links checked.

FILE: docs/reference/modules/audit/test_cases.md
  [✓] #core-event-management-tests
  [✓] #multi-tenant-isolation-tests
  [✓] #risk-scoring-system-tests
  [✓] #query-operations-tests
  [✓] #security-analytics-tests
  [✓] #compliance-and-governance-tests
  [✓] #performance-and-scalability-tests
  [✓] #data-model-tests
  [✓] #api-integration-tests
  [✓] #error-handling-tests
  [✓] #data-retention-tests
  [✓] #database-operation-tests

  12 links checked.

FILE: docs/reference/modules/feature_flag/00_README.md
(node:4637) [DEP0176] DeprecationWarning: fs.R_OK is deprecated, use fs.constants.R_OK instead
(Use `node --trace-deprecation ...` to show where the warning was created)
  [✓] ./onboarding/01_introduction.md
  [✓] ./onboarding/02_core_concepts_and_architecture.md
  [✓] ./onboarding/03_developer_quickstart.md
  [✓] ./onboarding/04_admin_api_manual.md
  [✓] ./onboarding/05_lifecycle_gotchas_and_improvements.md

  5 links checked.

FILE: docs/reference/modules/feature_flag/feature_flag.md
  [✓] #implementation-status
  [✓] #system-overview
  [✓] #completed-implementation
  [✓] #admin-management-system
  [✖] #architecture-design
  [✖] #flag-types-configuration
  [✓] #evaluation-engine
  [✓] #database-schema
  [✓] #api-reference
  [✓] #usage-examples
  [✓] #next-phase-features
  [✖] #targeting-rollout-strategies
  [✓] #lifecycle-management
  [✖] #security-compliance
  [✖] #performance-scalability
  [✓] #integration-guide
  [✖] #monitoring-observability
  [✖] #migration-maintenance
  [✓] #best-practices
  [✓] #troubleshooting

  20 links checked.

  ERROR: 7 dead links found!
  [✖] #architecture-design → Status: 404
  [✖] #flag-types-configuration → Status: 404
  [✖] #targeting-rollout-strategies → Status: 404
  [✖] #security-compliance → Status: 404
  [✖] #performance-scalability → Status: 404
  [✖] #monitoring-observability → Status: 404
  [✖] #migration-maintenance → Status: 404

FILE: docs/reference/modules/feature_flag/onboarding/01_introduction.md
  No hyperlinks found!

  0 links checked.

FILE: docs/reference/modules/feature_flag/onboarding/02_core_concepts_and_architecture.md
  No hyperlinks found!

  0 links checked.

FILE: docs/reference/modules/feature_flag/onboarding/03_developer_quickstart.md
  No hyperlinks found!

  0 links checked.

FILE: docs/reference/modules/feature_flag/onboarding/04_admin_api_manual.md
  No hyperlinks found!

  0 links checked.

FILE: docs/reference/modules/feature_flag/onboarding/05_lifecycle_gotchas_and_improvements.md
  No hyperlinks found!

  0 links checked.

FILE: docs/reference/modules/feature_flag/test_cases.md
  [✓] #phase-5-advanced-features
  [✓] #core-domain-model-tests
  [✓] #repository-layer-tests
  [✓] #service-layer-tests
  [✓] #admin-management-tests
  [✓] #abac-security-tests
  [✓] #evaluation-engine-tests
  [✓] #api-integration-tests
  [✓] #performance-tests
  [✓] #security-tests
  [✓] #error-handling-tests
  [✓] #caching-tests
  [✓] #multi-tenant-tests
  [✓] #database-tests
  [✓] #end-to-end-tests

  15 links checked.

FILE: docs/reference/modules/feature_flag/TASK.md
  [✓] #implementation-status
  [✓] #system-overview
  [✓] #completed-implementation
  [✓] #admin-management-system
  [✖] #architecture-design
  [✖] #flag-types-configuration
  [✓] #evaluation-engine
  [✓] #database-schema
  [✓] #api-reference
  [✓] #usage-examples
  [✓] #next-phase-features
  [✖] #targeting-rollout-strategies
  [✓] #lifecycle-management
  [✖] #security-compliance
  [✖] #performance-scalability
  [✓] #integration-guide
  [✖] #monitoring-observability
  [✖] #migration-maintenance
  [✓] #best-practices
  [✓] #troubleshooting

  20 links checked.

  ERROR: 7 dead links found!
  [✖] #architecture-design → Status: 404
  [✖] #flag-types-configuration → Status: 404
  [✖] #targeting-rollout-strategies → Status: 404
  [✖] #security-compliance → Status: 404
  [✖] #performance-scalability → Status: 404
  [✖] #monitoring-observability → Status: 404
  [✖] #migration-maintenance → Status: 404

FILE: docs/reference/modules/financial/api-reference.md
  [✓] #api-overview
  [✖] #authentication-authorization
  [✓] #core-finance-module-apis
  [✓] #account-management-apis
  [✓] #transaction-processing-apis
  [✖] #banking-cash-management-apis
  [✓] #financial-reporting-apis
  [✓] #buy-module-apis
  [✓] #sell-module-apis
  [✓] #ancillary-module-apis
  [✓] #budget-module
  [✓] #currency-management-apis
  [✖] #system-quality
  [✓] #error-handling
  [✖] #rate-limiting-quotas
  [✖] #testing-quality-assurance
  [✖] #sdk-integration-examples

  17 links checked.

  ERROR: 6 dead links found!
  [✖] #authentication-authorization → Status: 404
  [✖] #banking-cash-management-apis → Status: 404
  [✖] #system-quality → Status: 404
  [✖] #rate-limiting-quotas → Status: 404
  [✖] #testing-quality-assurance → Status: 404
  [✖] #sdk-integration-examples → Status: 404

FILE: docs/reference/modules/financial/architecture-guide.md
  [✓] #architecture-overview
  [✓] #domain-driven-design
  [✓] #data-layer-architecture
  [✓] #service-layer-design
  [✖] #api-layer-implementation
  [✖] #security-architecture
  [✖] #performance-architecture
  [✖] #integration-patterns
  [✖] #scalability-design
  [✖] #monitoring-observability

  10 links checked.

  ERROR: 6 dead links found!
  [✖] #api-layer-implementation → Status: 404
  [✖] #security-architecture → Status: 404
  [✖] #performance-architecture → Status: 404
  [✖] #integration-patterns → Status: 404
  [✖] #scalability-design → Status: 404
  [✖] #monitoring-observability → Status: 404

FILE: docs/reference/modules/financial/currency-management.md
  No hyperlinks found!

  0 links checked.

FILE: docs/reference/modules/financial/deployment-guide.md
  [✓] #deployment-architecture
  [✓] #infrastructure-requirements
  [✖] #database-setup-configuration
  [✓] #application-deployment
  [✓] #security-configuration
  [✖] #monitoring-observability
  [✖] #backup-recovery
  [✓] #performance-optimization
  [✓] #troubleshooting-guide
  [✓] #maintenance-procedures

  10 links checked.

  ERROR: 3 dead links found!
  [✖] #database-setup-configuration → Status: 404
  [✖] #monitoring-observability → Status: 404
  [✖] #backup-recovery → Status: 404

FILE: docs/reference/modules/financial/integration-guide.md
  [✓] #integration-architecture
  [✓] #erp-module-integration
  [✓] #external-system-integration
  [✓] #event-driven-integration
  [✓] #data-synchronization
  [✓] #api-integration-patterns
  [✓] #workflow-integration
  [✓] #real-time-integration
  [✓] #integration-testing
  [✓] #troubleshooting-integration-issues

  10 links checked.

FILE: docs/reference/modules/financial/security-compliance-guide.md
  [✓] #security-architecture-overview
  [✓] #abac-integration-for-financial-operations
  [✖] #audit-compliance-framework
  [✖] #data-protection-privacy
  [✖] #regulatory-compliance
  [✖] #security-controls-monitoring
  [✖] #threat-modeling-risk-assessment
  [✖] #security-testing-validation
  [✖] #incident-response-recovery
  [✖] #security-best-practices

  10 links checked.

  ERROR: 8 dead links found!
  [✖] #audit-compliance-framework → Status: 404
  [✖] #data-protection-privacy → Status: 404
  [✖] #regulatory-compliance → Status: 404
  [✖] #security-controls-monitoring → Status: 404
  [✖] #threat-modeling-risk-assessment → Status: 404
  [✖] #security-testing-validation → Status: 404
  [✖] #incident-response-recovery → Status: 404
  [✖] #security-best-practices → Status: 404

FILE: docs/reference/modules/financial/testing-strategy.md
  [✓] #testing-strategy-overview
  [✓] #test-pyramid-implementation
  [✖] #unit-testing-framework
  [✖] #integration-testing
  [✓] #financial-domain-testing
  [✖] #security-compliance-testing
  [✓] #performance-testing
  [✖] #end-to-end-testing
  [✓] #test-data-management
  [✖] #quality-gates-metrics

  10 links checked.

  ERROR: 5 dead links found!
  [✖] #unit-testing-framework → Status: 404
  [✖] #integration-testing → Status: 404
  [✖] #security-compliance-testing → Status: 404
  [✖] #end-to-end-testing → Status: 404
  [✖] #quality-gates-metrics → Status: 404

FILE: docs/reference/modules/financial/TASK.md
  [✓] #-detailed-implementation-plan
  [✖] #phase-1-foundation-infrastructure-weeks-1-3
  [✖] #phase-2-core-transaction-engine-weeks-4-6
  [✖] #phase-3-security-compliance-integration-weeks-7-8
  [✖] #phase-4-api-layer-implementation-weeks-9-10
  [✖] #phase-5-accounts-receivable-weeks-11-13
  [✖] #phase-6-accounts-payable-weeks-14-16
  [✖] #phase-7-cash-management-weeks-17-18
  [✖] #phase-8-financial-reporting-weeks-19-20
  [✖] #phase-9-integration-testing-week-19
  [✖] #phase-10-performance-optimization-week-20
  [✖] #-quality-assurance-success-deployment
  [✖] #-quality-assurance-checklist
  [✖] #-success-metrics-kpis
  [✖] #-deployment-checklist
  [✖] #-documentation-requirements
  [✖] #-final-acceptance-criteria
  [✓] #-post-implementation
  [✖] #-post-implementation-support
  [✖] #-project-completion

  20 links checked.

  ERROR: 18 dead links found!
  [✖] #phase-1-foundation-infrastructure-weeks-1-3 → Status: 404
  [✖] #phase-2-core-transaction-engine-weeks-4-6 → Status: 404
  [✖] #phase-3-security-compliance-integration-weeks-7-8 → Status: 404
  [✖] #phase-4-api-layer-implementation-weeks-9-10 → Status: 404
  [✖] #phase-5-accounts-receivable-weeks-11-13 → Status: 404
  [✖] #phase-6-accounts-payable-weeks-14-16 → Status: 404
  [✖] #phase-7-cash-management-weeks-17-18 → Status: 404
  [✖] #phase-8-financial-reporting-weeks-19-20 → Status: 404
  [✖] #phase-9-integration-testing-week-19 → Status: 404
  [✖] #phase-10-performance-optimization-week-20 → Status: 404
  [✖] #-quality-assurance-success-deployment → Status: 404
  [✖] #-quality-assurance-checklist → Status: 404
  [✖] #-success-metrics-kpis → Status: 404
  [✖] #-deployment-checklist → Status: 404
  [✖] #-documentation-requirements → Status: 404
  [✖] #-final-acceptance-criteria → Status: 404
  [✖] #-post-implementation-support → Status: 404
  [✖] #-project-completion → Status: 404

FILE: docs/reference/modules/financial-management.md
  No hyperlinks found!

  0 links checked.

FILE: docs/reference/modules/forecourt-module.md
  No hyperlinks found!

  0 links checked.

FILE: docs/reference/modules/human-resources.md
  No hyperlinks found!

  0 links checked.

FILE: docs/reference/modules/implementation-phases.md
  No hyperlinks found!

  0 links checked.

FILE: docs/reference/modules/inventory-management.md
  No hyperlinks found!

  0 links checked.

FILE: docs/reference/modules/module-configuration.md
  No hyperlinks found!

  0 links checked.

FILE: docs/reference/modules/project-management.md
  No hyperlinks found!

  0 links checked.

FILE: docs/reference/modules/restaurant-module.md
  No hyperlinks found!

  0 links checked.

FILE: docs/reference/modules/retail-module.md
  No hyperlinks found!

  0 links checked.

FILE: docs/reference/modules/tax-management.md
  No hyperlinks found!

  0 links checked.

FILE: docs/reference/modules/technical-specifications.md
  No hyperlinks found!

  0 links checked.

FILE: docs/reference/modules/tenant/tenant-management.md
  No hyperlinks found!

  0 links checked.

FILE: docs/reference/modules/tenant/testing.md
  [✓] #core-tenant-model-tests
  [✓] #row-level-security-tests
  [✓] #tenant-provisioning-tests
  [✓] #organization-hierarchy-tests
  [✓] #configuration-management-tests
  [✓] #usage-tracking-tests
  [✓] #health-monitoring-tests
  [✓] #rate-limiting-tests
  [✓] #analytics-tests
  [✓] #migration-tests
  [✖] #api-integration-tests
  [✓] #performance-tests
  [✓] #security-tests
  [✖] #billing-tests
  [✖] #backup-recovery-tests

  15 links checked.

  ERROR: 3 dead links found!
  [✖] #api-integration-tests → Status: 404
  [✖] #billing-tests → Status: 404
  [✖] #backup-recovery-tests → Status: 404

FILE: docs/reference/modules/user/01_identity_model_and_rbac.md
  No hyperlinks found!

  0 links checked.

FILE: docs/reference/modules/user/02_abac_evaluation_lifecycle.md
  No hyperlinks found!

  0 links checked.

FILE: docs/reference/modules/user/03_hybrid_access_control_strategy.md
  No hyperlinks found!

  0 links checked.

FILE: docs/reference/modules/user/04_architecture_service_integration.md
  No hyperlinks found!

  0 links checked.

FILE: docs/reference/modules/user/README.md
(node:5064) [DEP0176] DeprecationWarning: fs.R_OK is deprecated, use fs.constants.R_OK instead
(Use `node --trace-deprecation ...` to show where the warning was created)
  [✓] ./01_identity_model_and_rbac.md
  [✓] ./02_abac_evaluation_lifecycle.md
  [✓] ./03_hybrid_access_control_strategy.md
  [✓] ./04_architecture_service_integration.md
  [✓] ./abac/policy_evaluation.md
  [✓] ./abac/context_attribute.md
  [✓] ./abac/policy.md
  [✓] ./abac/attribute_definitions.md
  [✓] ./abac/audit_monitoring.md
  [✓] ./abac/administrative_performance.md

  10 links checked.

FILE: docs/reference/modules/user/abac/administrative_performance.md
  No hyperlinks found!

  0 links checked.

FILE: docs/reference/modules/user/abac/attribute_definitions.md
  No hyperlinks found!

  0 links checked.

FILE: docs/reference/modules/user/abac/audit_monitoring.md
  No hyperlinks found!

  0 links checked.

FILE: docs/reference/modules/user/abac/context_attribute.md
  No hyperlinks found!

  0 links checked.

FILE: docs/reference/modules/user/abac/desing.md
(node:5120) [DEP0176] DeprecationWarning: fs.R_OK is deprecated, use fs.constants.R_OK instead
(Use `node --trace-deprecation ...` to show where the warning was created)
  [✓] ./attribute_definitions.md
  [✓] ./policy.md
  [✓] ./policy_evaluation.md
  [✓] ./context_attribute.md
  [✖] ./abac/audit_monitoring.md
  [✓] ./administrative_performance.md

  6 links checked.

  ERROR: 1 dead links found!
  [✖] ./abac/audit_monitoring.md → Status: 400

FILE: docs/reference/modules/user/abac/policy.md
  No hyperlinks found!

  0 links checked.

FILE: docs/reference/modules/user/abac/policy_evaluation.md
  No hyperlinks found!

  0 links checked.

FILE: docs/reference/modules/user/abac/POLICY_SERVICE_ENHANCEMENT.md
  No hyperlinks found!

  0 links checked.

FILE: docs/reference/modules/user/abac/policy_evaluation_CEL.md
  No hyperlinks found!

  0 links checked.

FILE: docs/reference/modules/user/abac/policy_evaluation_expr-lang.md
  No hyperlinks found!

  0 links checked.

FILE: docs/reference/modules/user/IAM_MAPPING.md
  No hyperlinks found!

  0 links checked.

FILE: docs/reference/modules/user/PHASE_3_ROADMAP.md
  No hyperlinks found!

  0 links checked.

FILE: docs/reference/modules/user/RELEASE_NOTES_RC1.md
(node:5214) [DEP0176] DeprecationWarning: fs.R_OK is deprecated, use fs.constants.R_OK instead
(Use `node --trace-deprecation ...` to show where the warning was created)
  [✖] ./internal/core/iam/README.md
  [✖] ./internal/core/iam/authz/service.go
  [✖] ./internal/core/iam/authz/*_test.go
  [✖] ./internal/core/iam/authz/adapter_benchmark_test.go

  4 links checked.

  ERROR: 4 dead links found!
  [✖] ./internal/core/iam/README.md → Status: 400
  [✖] ./internal/core/iam/authz/service.go → Status: 400
  [✖] ./internal/core/iam/authz/*_test.go → Status: 400
  [✖] ./internal/core/iam/authz/adapter_benchmark_test.go → Status: 400

FILE: docs/reference/modules/user/test_cases.md
  [✓] #core-domain-model-tests
  [✓] #repository-layer-tests
  [✓] #service-layer-tests
  [✓] #api-integration-tests
  [✖] #hybrid-access-control-rbac-abac-tests
  [✓] #multi-tenant-isolation-tests
  [✓] #security-tests
  [✓] #performance-tests
  [✖] #end-to-end-e2e-workflow-tests

  9 links checked.

  ERROR: 2 dead links found!
  [✖] #hybrid-access-control-rbac-abac-tests → Status: 404
  [✖] #end-to-end-e2e-workflow-tests → Status: 404

FILE: docs/reference/modules/user/TASK.md
  No hyperlinks found!

  0 links checked.

FILE: docs/reference/modules/workflow-engine.md
  No hyperlinks found!

  0 links checked.

FILE: docs/reference/api-source/README.md
  No hyperlinks found!

  0 links checked.

FILE: docs/reference/api-source/core-apis/entities/README.md
(node:5326) [DEP0176] DeprecationWarning: fs.R_OK is deprecated, use fs.constants.R_OK instead
(Use `node --trace-deprecation ...` to show where the warning was created)
  [✓] curl-examples.md
  [✓] api-reference.md
  [✓] schema-reference.md

  3 links checked.

FILE: docs/reference/api-source/core-apis/entities/curl-examples.md
  No hyperlinks found!

  0 links checked.

FILE: docs/reference/api-source/core-apis/entities/api-reference.md
  No hyperlinks found!

  0 links checked.

FILE: docs/reference/api-source/core-apis/entities/schema-reference.md
  No hyperlinks found!

  0 links checked.

FILE: docs/reference/api-source/core-apis/users/README.md
(node:5372) [DEP0176] DeprecationWarning: fs.R_OK is deprecated, use fs.constants.R_OK instead
(Use `node --trace-deprecation ...` to show where the warning was created)
  [✓] ./curl-examples.md

  1 links checked.

FILE: docs/reference/api-source/core-apis/users/curl-examples.md
  No hyperlinks found!

  0 links checked.

FILE: docs/reference/api-source/core-apis/auth/README.md
(node:5395) [DEP0176] DeprecationWarning: fs.R_OK is deprecated, use fs.constants.R_OK instead
(Use `node --trace-deprecation ...` to show where the warning was created)
  [✓] ../users/README.md
  [✓] ../tenants/README.md
  [✓] ../organizations/README.md
  [✓] ./curl-examples.md
  [✓] ../../utilities/scripts/test-auth.sh
  [✓] ../../../../contributing/securityHandbook.md

  6 links checked.

FILE: docs/reference/api-source/core-apis/auth/curl-examples.md
  No hyperlinks found!

  0 links checked.

FILE: docs/reference/api-source/core-apis/organizations/README.md
(node:5423) [DEP0176] DeprecationWarning: fs.R_OK is deprecated, use fs.constants.R_OK instead
(Use `node --trace-deprecation ...` to show where the warning was created)
  [✓] ../users/README.md
  [✓] ../entities/README.md
  [✓] ../tenants/README.md
  [✓] curl-examples.md
  [✓] ../../utilities/scripts/test-organizations.sh
  [✓] ../../utilities/postman/organizations-collection.json

  6 links checked.

FILE: docs/reference/api-source/core-apis/organizations/curl-examples.md
  No hyperlinks found!

  0 links checked.

FILE: docs/reference/api-source/core-apis/tenants/README.md
(node:5446) [DEP0176] DeprecationWarning: fs.R_OK is deprecated, use fs.constants.R_OK instead
(Use `node --trace-deprecation ...` to show where the warning was created)
  [✓] ../users/README.md
  [✓] ../entities/README.md
  [✓] ../../workflows/auth/README.md
  [✓] curl-examples.md
  [✓] ../../utilities/scripts/test-tenants.sh
  [✖] ../../utilities/postman/tenants-collection.json

  6 links checked.

  ERROR: 1 dead links found!
  [✖] ../../utilities/postman/tenants-collection.json → Status: 400

FILE: docs/reference/api-source/core-apis/tenants/curl-examples.md
  No hyperlinks found!

  0 links checked.

FILE: docs/reference/api-source/testing/manual/getting-started.md
  No hyperlinks found!

  0 links checked.

FILE: docs/reference/api-source/testing/manual/manual-curl-tests.md
  No hyperlinks found!

  0 links checked.

FILE: docs/reference/api-source/user-service-abac-integration.md
  No hyperlinks found!

  0 links checked.

FILE: docs/reference/api-source/utilities/todo.md
  No hyperlinks found!

  0 links checked.

FILE: docs/reference/api-source/workflows/access-requests/README.md
(node:5727) [DEP0176] DeprecationWarning: fs.R_OK is deprecated, use fs.constants.R_OK instead
(Use `node --trace-deprecation ...` to show where the warning was created)
  [✓] curl-examples.md
  [✓] api-reference.md
  [✓] schema-reference.md
  [✓] workflow-guide.md
  [✖] integration-guide.md

  5 links checked.

  ERROR: 1 dead links found!
  [✖] integration-guide.md → Status: 400

FILE: docs/reference/api-source/workflows/access-requests/curl-examples.md
  No hyperlinks found!

  0 links checked.

FILE: docs/reference/api-source/workflows/access-requests/api-reference.md
  No hyperlinks found!

  0 links checked.

FILE: docs/reference/api-source/workflows/access-requests/schema-reference.md
  No hyperlinks found!

  0 links checked.

FILE: docs/reference/api-source/workflows/access-requests/workflow-guide.md
  No hyperlinks found!

  0 links checked.

FILE: docs/reference/api-source/workflows/conditional-access/README.md
(node:6044) [DEP0176] DeprecationWarning: fs.R_OK is deprecated, use fs.constants.R_OK instead
(Use `node --trace-deprecation ...` to show where the warning was created)
  [✖] curl-examples.md
  [✖] api-reference.md
  [✖] schema-reference.md
  [✖] rule-configuration.md
  [✖] integration-guide.md

  5 links checked.

  ERROR: 5 dead links found!
  [✖] curl-examples.md → Status: 400
  [✖] api-reference.md → Status: 400
  [✖] schema-reference.md → Status: 400
  [✖] rule-configuration.md → Status: 400
  [✖] integration-guide.md → Status: 400

FILE: docs/reference/api-source/workflows/user-analytics/README.md
(node:6079) [DEP0176] DeprecationWarning: fs.R_OK is deprecated, use fs.constants.R_OK instead
(Use `node --trace-deprecation ...` to show where the warning was created)
  [✖] curl-examples.md
  [✖] api-reference.md
  [✖] schema-reference.md
  [✖] analytics-guide.md
  [✖] integration-guide.md

  5 links checked.

  ERROR: 5 dead links found!
  [✖] curl-examples.md → Status: 400
  [✖] api-reference.md → Status: 400
  [✖] schema-reference.md → Status: 400
  [✖] analytics-guide.md → Status: 400
  [✖] integration-guide.md → Status: 400

FILE: docs/reference/api-source/workflows/auth/README.md
  No hyperlinks found!

  0 links checked.

FILE: docs/architecture/FRAMEWORK_MIGRATION_PLAN.md
(node:6105) [DEP0176] DeprecationWarning: fs.R_OK is deprecated, use fs.constants.R_OK instead
(Use `node --trace-deprecation ...` to show where the warning was created)
  [✓] ./GIN_HANDLERS_INVENTORY.md

  1 links checked.

FILE: docs/architecture/system-overview.md
  No hyperlinks found!

  0 links checked.

FILE: docs/architecture/abac-design-and-roadmap.md
  No hyperlinks found!

  0 links checked.

FILE: docs/architecture/GIN_HANDLERS_INVENTORY.md
  No hyperlinks found!

  0 links checked.

FILE: docs/contributing/01-best-practices.md
(node:6159) [DEP0176] DeprecationWarning: fs.R_OK is deprecated, use fs.constants.R_OK instead
(Use `node --trace-deprecation ...` to show where the warning was created)
  [✓] ./error-handling.md
  [✓] ./code-examples.md
  [✓] ./architecture.md

  3 links checked.

FILE: docs/contributing/architecture.md
(node:6170) [DEP0176] DeprecationWarning: fs.R_OK is deprecated, use fs.constants.R_OK instead
(Use `node --trace-deprecation ...` to show where the warning was created)
  [✓] ./data-flow.md
  [✓] ./code-examples.md
  [✓] ./01-best-practices.md

  3 links checked.

FILE: docs/contributing/code-examples.md
(node:6181) [DEP0176] DeprecationWarning: fs.R_OK is deprecated, use fs.constants.R_OK instead
(Use `node --trace-deprecation ...` to show where the warning was created)
  [✓] ./01-best-practices.md
  [✓] ./error-handling.md
  [✓] ./observability.md

  3 links checked.

FILE: docs/contributing/data-flow.md
(node:6196) [DEP0176] DeprecationWarning: fs.R_OK is deprecated, use fs.constants.R_OK instead
(Use `node --trace-deprecation ...` to show where the warning was created)
  [✓] ./sqlc-integration.md
  [✓] ./observability.md
  [✓] ./code-examples.md

  3 links checked.

FILE: docs/contributing/database-transactions.md
  No hyperlinks found!

  0 links checked.

FILE: docs/contributing/error-handling.md
(node:6220) [DEP0176] DeprecationWarning: fs.R_OK is deprecated, use fs.constants.R_OK instead
(Use `node --trace-deprecation ...` to show where the warning was created)
  [✓] ./architecture.md
  [✓] ./code-examples.md
  [✓] ./01-best-practices.md
  [✓] ./observability.md

  4 links checked.

FILE: docs/contributing/general-testing.md
  No hyperlinks found!

  0 links checked.

FILE: docs/contributing/goa.md
  No hyperlinks found!

  0 links checked.

FILE: docs/contributing/middleware.md
  No hyperlinks found!

  0 links checked.
